2025-09-22 21:36:23,690 INFO  [main] com.tpe.SpringBootProject.SpringBootProjectApplicationTests:Starting SpringBootProjectApplicationTests using Java 17.0.15 on DESKTOP-3DV104F with PID 1648 (started by К.Р.П in C:\Users\К.Р.П\Downloads\SpringBootProject\SpringBootProject)
2025-09-22 21:36:23,736 INFO  [main] com.tpe.SpringBootProject.SpringBootProjectApplicationTests:No active profile set, falling back to 1 default profile: "default"
2025-09-22 21:36:27,205 INFO  [main] org.springframework.data.repository.config.RepositoryConfigurationDelegate:Bootstrapping Spring Data JPA repositories in DEFAULT mode.
2025-09-22 21:36:27,425 INFO  [main] org.springframework.data.repository.config.RepositoryConfigurationDelegate:Finished Spring Data repository scanning in 188 ms. Found 3 JPA repository interfaces.
2025-09-22 21:36:32,072 INFO  [main] org.hibernate.jpa.internal.util.LogHelper:HHH000204: Processing PersistenceUnitInfo [name: default]
2025-09-22 21:36:32,340 INFO  [main] org.hibernate.Version:HHH000412: Hibernate ORM core version 5.6.15.Final
2025-09-22 21:36:32,958 INFO  [main] org.hibernate.annotations.common.Version:HCANN000001: Hibernate Commons Annotations {5.1.2.Final}
2025-09-22 21:36:33,588 INFO  [main] com.zaxxer.hikari.HikariDataSource:HikariPool-1 - Starting...
2025-09-22 21:36:34,955 INFO  [main] com.zaxxer.hikari.HikariDataSource:HikariPool-1 - Start completed.
2025-09-22 21:36:35,013 INFO  [main] org.hibernate.dialect.Dialect:HHH000400: Using dialect: org.hibernate.dialect.PostgreSQL10Dialect
2025-09-22 21:36:38,455 WARN  [main] org.hibernate.engine.jdbc.spi.SqlExceptionHelper:SQL Warning Code: 0, SQLState: 00000
2025-09-22 21:36:38,456 WARN  [main] org.hibernate.engine.jdbc.spi.SqlExceptionHelper:Constraint »uk_jhib4legehrm4yscx9t3lirqi« von Relation »t_user« existiert nicht, wird übersprungen
2025-09-22 21:36:38,554 INFO  [main] org.hibernate.engine.transaction.jta.platform.internal.JtaPlatformInitiator:HHH000490: Using JtaPlatform implementation: [org.hibernate.engine.transaction.jta.platform.internal.NoJtaPlatform]
2025-09-22 21:36:38,587 INFO  [main] org.springframework.orm.jpa.LocalContainerEntityManagerFactoryBean:Initialized JPA EntityManagerFactory for persistence unit 'default'
2025-09-22 21:36:41,263 INFO  [main] com.tpe.SpringBootProject.SpringBootProjectApplicationTests:Starting SpringBootProjectApplicationTests using Java 17.0.15 on DESKTOP-3DV104F with PID 22236 (started by К.Р.П in C:\Users\К.Р.П\Downloads\SpringBootProject\SpringBootProject)
2025-09-22 21:36:41,266 INFO  [main] com.tpe.SpringBootProject.SpringBootProjectApplicationTests:No active profile set, falling back to 1 default profile: "default"
2025-09-22 21:36:42,555 WARN  [main] org.springframework.boot.autoconfigure.orm.jpa.JpaBaseConfiguration$JpaWebConfiguration:spring.jpa.open-in-view is enabled by default. Therefore, database queries may be performed during view rendering. Explicitly configure spring.jpa.open-in-view to disable this warning
2025-09-22 21:36:45,220 INFO  [main] org.springframework.security.web.DefaultSecurityFilterChain:Will secure any request with [org.springframework.security.web.session.DisableEncodeUrlFilter@6ace3, org.springframework.security.web.context.request.async.WebAsyncManagerIntegrationFilter@d3b0397, org.springframework.security.web.context.SecurityContextPersistenceFilter@2e3b4394, org.springframework.security.web.header.HeaderWriterFilter@1f5f4d48, org.springframework.security.web.authentication.logout.LogoutFilter@188ab96, org.springframework.security.web.authentication.www.BasicAuthenticationFilter@1c25385a, org.springframework.security.web.savedrequest.RequestCacheAwareFilter@13868c41, org.springframework.security.web.servletapi.SecurityContextHolderAwareRequestFilter@53a3fc8b, org.springframework.security.web.authentication.AnonymousAuthenticationFilter@1ab717f3, org.springframework.security.web.session.SessionManagementFilter@5408fca1, org.springframework.security.web.access.ExceptionTranslationFilter@5f1db390, org.springframework.security.web.access.intercept.AuthorizationFilter@20a3321a]
2025-09-22 21:36:45,342 INFO  [main] org.springframework.data.repository.config.RepositoryConfigurationDelegate:Bootstrapping Spring Data JPA repositories in DEFAULT mode.
2025-09-22 21:36:45,716 INFO  [main] org.springframework.data.repository.config.RepositoryConfigurationDelegate:Finished Spring Data repository scanning in 348 ms. Found 3 JPA repository interfaces.
2025-09-22 21:36:49,758 INFO  [main] org.hibernate.jpa.internal.util.LogHelper:HHH000204: Processing PersistenceUnitInfo [name: default]
2025-09-22 21:36:50,016 INFO  [main] org.hibernate.Version:HHH000412: Hibernate ORM core version 5.6.15.Final
2025-09-22 21:36:50,615 INFO  [main] org.hibernate.annotations.common.Version:HCANN000001: Hibernate Commons Annotations {5.1.2.Final}
2025-09-22 21:36:51,092 INFO  [main] org.springframework.boot.actuate.endpoint.web.EndpointLinksResolver:Exposing 1 endpoint(s) beneath base path '/actuator'
2025-09-22 21:36:51,414 INFO  [main] com.tpe.SpringBootProject.SpringBootProjectApplicationTests:Started SpringBootProjectApplicationTests in 29.369 seconds (JVM running for 34.255)
2025-09-22 21:36:51,492 INFO  [main] com.zaxxer.hikari.HikariDataSource:HikariPool-1 - Starting...
2025-09-22 21:36:52,265 INFO  [main] com.zaxxer.hikari.HikariDataSource:HikariPool-1 - Start completed.
2025-09-22 21:36:52,375 INFO  [main] org.hibernate.dialect.Dialect:HHH000400: Using dialect: org.hibernate.dialect.PostgreSQL10Dialect
2025-09-22 21:36:52,391 INFO  [SpringApplicationShutdownHook] org.springframework.orm.jpa.LocalContainerEntityManagerFactoryBean:Closing JPA EntityManagerFactory for persistence unit 'default'
2025-09-22 21:36:52,406 INFO  [SpringApplicationShutdownHook] com.zaxxer.hikari.HikariDataSource:HikariPool-1 - Shutdown initiated...
2025-09-22 21:36:52,616 INFO  [SpringApplicationShutdownHook] com.zaxxer.hikari.HikariDataSource:HikariPool-1 - Shutdown completed.
2025-09-22 21:36:57,324 INFO  [main] org.hibernate.engine.transaction.jta.platform.internal.JtaPlatformInitiator:HHH000490: Using JtaPlatform implementation: [org.hibernate.engine.transaction.jta.platform.internal.NoJtaPlatform]
2025-09-22 21:36:57,355 INFO  [main] org.springframework.orm.jpa.LocalContainerEntityManagerFactoryBean:Initialized JPA EntityManagerFactory for persistence unit 'default'
2025-09-22 21:36:59,384 WARN  [main] org.springframework.boot.autoconfigure.orm.jpa.JpaBaseConfiguration$JpaWebConfiguration:spring.jpa.open-in-view is enabled by default. Therefore, database queries may be performed during view rendering. Explicitly configure spring.jpa.open-in-view to disable this warning
2025-09-22 21:37:00,478 INFO  [main] org.springframework.security.web.DefaultSecurityFilterChain:Will secure any request with [org.springframework.security.web.session.DisableEncodeUrlFilter@7bc4ac3e, org.springframework.security.web.context.request.async.WebAsyncManagerIntegrationFilter@504274c1, org.springframework.security.web.context.SecurityContextPersistenceFilter@727e61ed, org.springframework.security.web.header.HeaderWriterFilter@7bbd0006, org.springframework.security.web.authentication.logout.LogoutFilter@1bc1aa9e, org.springframework.security.web.authentication.www.BasicAuthenticationFilter@6eeeb9da, org.springframework.security.web.savedrequest.RequestCacheAwareFilter@2fbd47b7, org.springframework.security.web.servletapi.SecurityContextHolderAwareRequestFilter@5edaa572, org.springframework.security.web.authentication.AnonymousAuthenticationFilter@16e5c19f, org.springframework.security.web.session.SessionManagementFilter@159408a7, org.springframework.security.web.access.ExceptionTranslationFilter@7d1cfe97, org.springframework.security.web.access.intercept.AuthorizationFilter@3c29f6be]
2025-09-22 21:37:03,443 INFO  [main] org.springframework.boot.actuate.endpoint.web.EndpointLinksResolver:Exposing 1 endpoint(s) beneath base path '/actuator'
2025-09-22 21:37:03,839 INFO  [main] com.tpe.SpringBootProject.SpringBootProjectApplicationTests:Started SpringBootProjectApplicationTests in 24.92 seconds (JVM running for 29.213)
2025-09-22 21:37:04,612 INFO  [SpringApplicationShutdownHook] org.springframework.orm.jpa.LocalContainerEntityManagerFactoryBean:Closing JPA EntityManagerFactory for persistence unit 'default'
2025-09-22 21:37:04,618 INFO  [SpringApplicationShutdownHook] com.zaxxer.hikari.HikariDataSource:HikariPool-1 - Shutdown initiated...
2025-09-22 21:37:04,640 INFO  [SpringApplicationShutdownHook] com.zaxxer.hikari.HikariDataSource:HikariPool-1 - Shutdown completed.
2025-09-22 21:37:48,400 INFO  [main] com.tpe.SpringBootProject.SpringBootProjectApplicationTests:Starting SpringBootProjectApplicationTests using Java 17.0.15 on DESKTOP-3DV104F with PID 8544 (started by К.Р.П in C:\Users\К.Р.П\Downloads\SpringBootProject\SpringBootProject)
2025-09-22 21:37:48,403 INFO  [main] com.tpe.SpringBootProject.SpringBootProjectApplicationTests:No active profile set, falling back to 1 default profile: "default"
2025-09-22 21:37:51,253 INFO  [main] org.springframework.data.repository.config.RepositoryConfigurationDelegate:Bootstrapping Spring Data JPA repositories in DEFAULT mode.
2025-09-22 21:37:51,433 INFO  [main] org.springframework.data.repository.config.RepositoryConfigurationDelegate:Finished Spring Data repository scanning in 161 ms. Found 3 JPA repository interfaces.
2025-09-22 21:37:53,912 INFO  [main] org.hibernate.jpa.internal.util.LogHelper:HHH000204: Processing PersistenceUnitInfo [name: default]
2025-09-22 21:37:54,136 INFO  [main] org.hibernate.Version:HHH000412: Hibernate ORM core version 5.6.15.Final
2025-09-22 21:37:54,710 INFO  [main] org.hibernate.annotations.common.Version:HCANN000001: Hibernate Commons Annotations {5.1.2.Final}
2025-09-22 21:37:55,322 INFO  [main] com.zaxxer.hikari.HikariDataSource:HikariPool-1 - Starting...
2025-09-22 21:37:55,897 INFO  [main] com.zaxxer.hikari.HikariDataSource:HikariPool-1 - Start completed.
2025-09-22 21:38:04,006 INFO  [main] com.tpe.SpringBootProject.SpringBootProjectApplication:Starting SpringBootProjectApplication using Java 17.0.15 on DESKTOP-3DV104F with PID 14340 (C:\Users\К.Р.П\Downloads\SpringBootProject\SpringBootProject\target\classes started by К.Р.П in C:\Users\К.Р.П\Downloads\SpringBootProject\SpringBootProject)
2025-09-22 21:38:04,012 INFO  [main] com.tpe.SpringBootProject.SpringBootProjectApplication:No active profile set, falling back to 1 default profile: "default"
2025-09-22 21:38:06,291 INFO  [main] org.springframework.data.repository.config.RepositoryConfigurationDelegate:Bootstrapping Spring Data JPA repositories in DEFAULT mode.
2025-09-22 21:38:06,454 INFO  [main] org.springframework.data.repository.config.RepositoryConfigurationDelegate:Finished Spring Data repository scanning in 143 ms. Found 3 JPA repository interfaces.
2025-09-22 21:38:08,253 INFO  [main] org.springframework.boot.web.embedded.tomcat.TomcatWebServer:Tomcat initialized with port(s): 8082 (http)
2025-09-22 21:38:08,280 INFO  [main] org.apache.catalina.core.StandardService:Starting service [Tomcat]
2025-09-22 21:38:08,281 INFO  [main] org.apache.catalina.core.StandardEngine:Starting Servlet engine: [Apache Tomcat/9.0.78]
2025-09-22 21:38:08,579 INFO  [main] org.apache.catalina.core.ContainerBase.[Tomcat].[localhost].[/]:Initializing Spring embedded WebApplicationContext
2025-09-22 21:38:08,579 INFO  [main] org.springframework.boot.web.servlet.context.ServletWebServerApplicationContext:Root WebApplicationContext: initialization completed in 4447 ms
2025-09-22 21:38:09,304 INFO  [main] org.hibernate.jpa.internal.util.LogHelper:HHH000204: Processing PersistenceUnitInfo [name: default]
2025-09-22 21:38:09,445 INFO  [main] org.hibernate.Version:HHH000412: Hibernate ORM core version 5.6.15.Final
2025-09-22 21:38:09,942 INFO  [main] org.hibernate.annotations.common.Version:HCANN000001: Hibernate Commons Annotations {5.1.2.Final}
2025-09-22 21:38:10,213 INFO  [main] com.zaxxer.hikari.HikariDataSource:HikariPool-1 - Starting...
2025-09-22 21:38:10,643 INFO  [main] com.zaxxer.hikari.HikariDataSource:HikariPool-1 - Start completed.
2025-09-22 21:38:10,691 INFO  [main] org.hibernate.dialect.Dialect:HHH000400: Using dialect: org.hibernate.dialect.PostgreSQL10Dialect
2025-09-22 21:38:13,249 INFO  [main] org.hibernate.engine.transaction.jta.platform.internal.JtaPlatformInitiator:HHH000490: Using JtaPlatform implementation: [org.hibernate.engine.transaction.jta.platform.internal.NoJtaPlatform]
2025-09-22 21:38:13,272 INFO  [main] org.springframework.orm.jpa.LocalContainerEntityManagerFactoryBean:Initialized JPA EntityManagerFactory for persistence unit 'default'
2025-09-22 21:38:14,841 WARN  [main] org.springframework.boot.autoconfigure.orm.jpa.JpaBaseConfiguration$JpaWebConfiguration:spring.jpa.open-in-view is enabled by default. Therefore, database queries may be performed during view rendering. Explicitly configure spring.jpa.open-in-view to disable this warning
2025-09-22 21:38:15,200 INFO  [main] org.springframework.security.web.DefaultSecurityFilterChain:Will secure any request with [org.springframework.security.web.session.DisableEncodeUrlFilter@362fd4e9, org.springframework.security.web.context.request.async.WebAsyncManagerIntegrationFilter@7bbe852a, org.springframework.security.web.context.SecurityContextPersistenceFilter@322f84fd, org.springframework.security.web.header.HeaderWriterFilter@28b7646, org.springframework.security.web.authentication.logout.LogoutFilter@4004bfba, org.springframework.security.web.authentication.www.BasicAuthenticationFilter@4fea9f19, org.springframework.security.web.savedrequest.RequestCacheAwareFilter@10bcbbed, org.springframework.security.web.servletapi.SecurityContextHolderAwareRequestFilter@47c422d3, org.springframework.security.web.authentication.AnonymousAuthenticationFilter@1299c874, org.springframework.security.web.session.SessionManagementFilter@65a8c306, org.springframework.security.web.access.ExceptionTranslationFilter@6dcc7696, org.springframework.security.web.access.intercept.AuthorizationFilter@238a7e3d]
2025-09-22 21:38:16,229 INFO  [main] org.springframework.boot.actuate.endpoint.web.EndpointLinksResolver:Exposing 1 endpoint(s) beneath base path '/actuator'
2025-09-22 21:38:16,334 INFO  [main] org.springframework.boot.web.embedded.tomcat.TomcatWebServer:Tomcat started on port(s): 8082 (http) with context path ''
2025-09-22 21:38:16,378 INFO  [main] com.tpe.SpringBootProject.SpringBootProjectApplication:Started SpringBootProjectApplication in 13.613 seconds (JVM running for 14.777)
2025-09-22 21:38:28,521 INFO  [http-nio-8082-exec-3] org.apache.catalina.core.ContainerBase.[Tomcat].[localhost].[/]:Initializing Spring DispatcherServlet 'dispatcherServlet'
2025-09-22 21:38:28,960 WARN  [http-nio-8082-exec-3] org.springframework.web.servlet.mvc.support.DefaultHandlerExceptionResolver:Resolved [org.springframework.web.bind.MethodArgumentNotValidException: Validation failed for argument [0] in public org.springframework.http.ResponseEntity<java.util.Map<java.lang.String, java.lang.Object>> com.tpe.SpringBootProject.controller.UserController.register(com.tpe.SpringBootProject.dto.UserRegisterDTO): [Field error in object 'userRegisterDTO' on field 'password': rejected value [123456]; codes [Size.userRegisterDTO.password,Size.password,Size.java.lang.String,Size]; arguments [org.springframework.context.support.DefaultMessageSourceResolvable: codes [userRegisterDTO.password,password]; arguments []; default message [password],64,8]; default message [Password must be between 8-64 characters long.]] ]
2025-09-22 21:38:36,770 WARN  [http-nio-8082-exec-4] org.springframework.web.servlet.mvc.support.DefaultHandlerExceptionResolver:Resolved [org.springframework.web.bind.MethodArgumentNotValidException: Validation failed for argument [0] in public org.springframework.http.ResponseEntity<java.util.Map<java.lang.String, java.lang.Object>> com.tpe.SpringBootProject.controller.UserController.register(com.tpe.SpringBootProject.dto.UserRegisterDTO): [Field error in object 'userRegisterDTO' on field 'password': rejected value [123456]; codes [Size.userRegisterDTO.password,Size.password,Size.java.lang.String,Size]; arguments [org.springframework.context.support.DefaultMessageSourceResolvable: codes [userRegisterDTO.password,password]; arguments []; default message [password],64,8]; default message [Password must be between 8-64 characters long.]] ]
2025-09-22 21:38:59,971 INFO  [SpringApplicationShutdownHook] org.springframework.orm.jpa.LocalContainerEntityManagerFactoryBean:Closing JPA EntityManagerFactory for persistence unit 'default'
2025-09-22 21:38:59,977 INFO  [SpringApplicationShutdownHook] com.zaxxer.hikari.HikariDataSource:HikariPool-1 - Shutdown initiated...
2025-09-22 21:39:00,045 INFO  [SpringApplicationShutdownHook] com.zaxxer.hikari.HikariDataSource:HikariPool-1 - Shutdown completed.
